# Bake Begins!
### (1 of 6) Copy sources
$ cp -a /home/travis/build/fontdirectory/inconsolata/METADATA.json /home/travis/build/fontdirectory/inconsolata/builds/build
$ cp -a /home/travis/build/fontdirectory/inconsolata/DESCRIPTION.en_us.html /home/travis/build/fontdirectory/inconsolata/builds/build
$ cp -a /home/travis/build/fontdirectory/inconsolata/FONTLOG.txt /home/travis/build/fontdirectory/inconsolata/builds/build
$ cp -a Inconsolata-Regular.ttf.ttx Inconsolata-Bold.ttf.ttx src/Inconsolata-Regular.otf.ttx src/Inconsolata-Bold.otf.ttx src/ppedit/Inconsolata.sfd Inconsolata-Regular.ttf._p_r_e_p.ttx Inconsolata-Regular.ttf._p_o_s_t.ttx Inconsolata-Regular.ttf._n_a_m_e.ttx Inconsolata-Regular.ttf._m_a_x_p.ttx Inconsolata-Regular.ttf._l_o_c_a.ttx Inconsolata-Regular.ttf._h_m_t_x.ttx Inconsolata-Regular.ttf._h_h_e_a.ttx Inconsolata-Regular.ttf._h_e_a_d.ttx Inconsolata-Regular.ttf._g_l_y_f.ttx Inconsolata-Regular.ttf._g_a_s_p.ttx Inconsolata-Regular.ttf._f_p_g_m.ttx Inconsolata-Regular.ttf._c_v_t.ttx Inconsolata-Regular.ttf._c_m_a_p.ttx Inconsolata-Regular.ttf.V_D_M_X_.ttx Inconsolata-Regular.ttf.O_S_2f_2.ttx Inconsolata-Regular.ttf.L_T_S_H_.ttx Inconsolata-Regular.ttf.GlyphOrder.ttx Inconsolata-Bold.ttf._p_r_e_p.ttx Inconsolata-Bold.ttf._p_o_s_t.ttx Inconsolata-Bold.ttf._n_a_m_e.ttx Inconsolata-Bold.ttf._m_a_x_p.ttx Inconsolata-Bold.ttf._l_o_c_a.ttx Inconsolata-Bold.ttf._h_m_t_x.ttx Inconsolata-Bold.ttf._h_h_e_a.ttx Inconsolata-Bold.ttf._h_e_a_d.ttx Inconsolata-Bold.ttf._g_l_y_f.ttx Inconsolata-Bold.ttf._g_a_s_p.ttx Inconsolata-Bold.ttf._f_p_g_m.ttx Inconsolata-Bold.ttf._c_v_t.ttx Inconsolata-Bold.ttf._c_m_a_p.ttx Inconsolata-Bold.ttf.O_S_2f_2.ttx Inconsolata-Bold.ttf.GlyphOrder.ttx src/Inconsolata-Regular.otf._p_o_s_t.ttx src/Inconsolata-Regular.otf._n_a_m_e.ttx src/Inconsolata-Regular.otf._m_a_x_p.ttx src/Inconsolata-Regular.otf._h_m_t_x.ttx src/Inconsolata-Regular.otf._h_h_e_a.ttx src/Inconsolata-Regular.otf._h_e_a_d.ttx src/Inconsolata-Regular.otf._c_m_a_p.ttx src/Inconsolata-Regular.otf.O_S_2f_2.ttx src/Inconsolata-Regular.otf.GlyphOrder.ttx src/Inconsolata-Regular.otf.G_D_E_F_.ttx src/Inconsolata-Regular.otf.F_F_T_M_.ttx src/Inconsolata-Regular.otf.C_F_F_.ttx src/Inconsolata-Bold.otf._p_o_s_t.ttx src/Inconsolata-Bold.otf._n_a_m_e.ttx src/Inconsolata-Bold.otf._m_a_x_p.ttx src/Inconsolata-Bold.otf._h_m_t_x.ttx src/Inconsolata-Bold.otf._h_h_e_a.ttx src/Inconsolata-Bold.otf._h_e_a_d.ttx src/Inconsolata-Bold.otf._c_m_a_p.ttx src/Inconsolata-Bold.otf.O_S_2f_2.ttx src/Inconsolata-Bold.otf.GlyphOrder.ttx src/Inconsolata-Bold.otf.C_F_F_.ttx /home/travis/build/fontdirectory/inconsolata/builds/build/sources
### (2 of 6) pyfontaine
### (3 of 6) Run upstream tests
$ fontbakery-check.py upstream-repo sources
$ fontaine --collections subsets --text /home/travis/build/fontdirectory/inconsolata/builds/build/sources/Inconsolata-Bold.otf.ttx /home/travis/build/fontdirectory/inconsolata/builds/build/sources/Inconsolata-Regular.otf.ttx /home/travis/build/fontdirectory/inconsolata/builds/build/sources/Inconsolata-Bold.ttf.ttx /home/travis/build/fontdirectory/inconsolata/builds/build/sources/Inconsolata-Regular.ttf.ttx /home/travis/build/fontdirectory/inconsolata/builds/build/sources/Inconsolata.sfd > fontaine.txt
WARNING: Please install [PyICU](https://pypi.python.org/pypi/PyICU) toenable [feature], perhaps with: pip install pyicu
bakery_lint.tests.upstream.test_prepolation.FontTestPrepolation.test_font_prepolation_glyph_contours(): OK
pyfontaine error: Not a TrueType or OpenType font (bad sfntVersion)
pyfontaine process has been failed
bakery_lint.tests.upstream.test_prepolation.FontTestPrepolation.test_font_prepolation_glyph_points(): OK
bakery_lint.tests.upstream.test_prepolation.FontTestPrepolation.test_font_test_prepolation_glyph_names(): OK
bakery_lint.tests.upstream.test_diacritic.TestDiacritic.test_diacritic_made_as_component(): OK
bakery_lint.tests.upstream.test_diacritic.TestDiacritic.test_diacritic_made_as_mark_to_mark(): OK
bakery_lint.tests.upstream.test_diacritic.TestDiacritic.test_diacritic_made_as_own_glyphs(): OK
bakery_lint.tests.upstream.test_check_upstream_sources.ProjectUpstreamTestCase.test_bakery_yaml_exists(): OK
bakery_lint.tests.upstream.test_check_upstream_sources.ProjectUpstreamTestCase.test_copyright_notices_same_across_family(): OK
bakery_lint.tests.upstream.test_check_upstream_sources.ProjectUpstreamTestCase.test_description_html_exists(): OK
bakery_lint.tests.upstream.test_check_upstream_sources.ProjectUpstreamTestCase.test_fontlog_txt_exists(): OK
bakery_lint.tests.upstream.test_check_upstream_sources.ProjectUpstreamTestCase.test_metadata_json_exists(): OK
$ fontbakery-check.py upstream-ttx Inconsolata-Bold.otf.ttx
bakery_lint.tests.upstream.test_glyphname_does_not_contain_disallowed_chars.TestGlyphNameDoesNotContainsDisallowedChars.test_glyphname_does_not_contain_disallowed_chars(): OK
bakery_lint.tests.upstream.test_font_filename_eq_familystyle.TestTTFSourceFontFileNameEqualsFamilyStyle.test_source_ttf_font_filename_equals_familystyle(): FAIL
$ mv /home/travis/build/fontdirectory/inconsolata/builds/build/sources/Inconsolata-Bold.otf.ttx /home/travis/build/fontdirectory/inconsolata/builds/build/sources/Inconsolata-Bold.ttx
bakery_lint.tests.upstream.test_font_filename_eq_familystyle.TestTTFSourceFontFileNameEqualsFamilyStyle.test_source_ttf_font_filename_equals_familystyle(): OK
bakery_lint.tests.upstream.test_check_ttx_requirements.SourceTTXTest.test_epar_in_keys(): FAIL
bakery_lint.tests.upstream.test_check_ttx_requirements.SourceTTXTest.test_os2_in_keys(): OK
bakery_lint.tests.upstream.test_check_ttx_requirements.SourceTTXTest.test_ttx_doesnt_contain_duplicate_glyphs(): OK
bakery_lint.tests.upstream.test_check_ttx_fontfamily_recommendations.TTX_FontFamilyNamingTest.test_ttx_family_naming_recommendation(): OK
$ fontbakery-check.py upstream-ttx Inconsolata-Regular.otf.ttx
bakery_lint.tests.upstream.test_glyphname_does_not_contain_disallowed_chars.TestGlyphNameDoesNotContainsDisallowedChars.test_glyphname_does_not_contain_disallowed_chars(): OK
bakery_lint.tests.upstream.test_font_filename_eq_familystyle.TestTTFSourceFontFileNameEqualsFamilyStyle.test_source_ttf_font_filename_equals_familystyle(): FAIL
$ mv /home/travis/build/fontdirectory/inconsolata/builds/build/sources/Inconsolata-Regular.otf.ttx /home/travis/build/fontdirectory/inconsolata/builds/build/sources/Inconsolata-Medium.ttx
bakery_lint.tests.upstream.test_font_filename_eq_familystyle.TestTTFSourceFontFileNameEqualsFamilyStyle.test_source_ttf_font_filename_equals_familystyle(): OK
bakery_lint.tests.upstream.test_check_ttx_requirements.SourceTTXTest.test_epar_in_keys(): FAIL
bakery_lint.tests.upstream.test_check_ttx_requirements.SourceTTXTest.test_os2_in_keys(): OK
bakery_lint.tests.upstream.test_check_ttx_requirements.SourceTTXTest.test_ttx_doesnt_contain_duplicate_glyphs(): OK
bakery_lint.tests.upstream.test_check_ttx_fontfamily_recommendations.TTX_FontFamilyNamingTest.test_ttx_family_naming_recommendation(): OK
$ fontbakery-check.py upstream-ttx Inconsolata-Bold.ttf.ttx
bakery_lint.tests.upstream.test_glyphname_does_not_contain_disallowed_chars.TestGlyphNameDoesNotContainsDisallowedChars.test_glyphname_does_not_contain_disallowed_chars(): FAIL
bakery_lint.tests.upstream.test_font_filename_eq_familystyle.TestTTFSourceFontFileNameEqualsFamilyStyle.test_source_ttf_font_filename_equals_familystyle(): FAIL
$ mv /home/travis/build/fontdirectory/inconsolata/builds/build/sources/Inconsolata-Bold.ttf.ttx /home/travis/build/fontdirectory/inconsolata/builds/build/sources/Inconsolata-Bold.ttx
bakery_lint.tests.upstream.test_font_filename_eq_familystyle.TestTTFSourceFontFileNameEqualsFamilyStyle.test_source_ttf_font_filename_equals_familystyle(): OK
bakery_lint.tests.upstream.test_check_ttx_requirements.SourceTTXTest.test_epar_in_keys(): FAIL
bakery_lint.tests.upstream.test_check_ttx_requirements.SourceTTXTest.test_os2_in_keys(): OK
bakery_lint.tests.upstream.test_check_ttx_requirements.SourceTTXTest.test_ttx_doesnt_contain_duplicate_glyphs(): OK
bakery_lint.tests.upstream.test_check_ttx_fontfamily_recommendations.TTX_FontFamilyNamingTest.test_ttx_family_naming_recommendation(): OK
$ fontbakery-check.py upstream-ttx Inconsolata-Regular.ttf.ttx
bakery_lint.tests.upstream.test_glyphname_does_not_contain_disallowed_chars.TestGlyphNameDoesNotContainsDisallowedChars.test_glyphname_does_not_contain_disallowed_chars(): OK
bakery_lint.tests.upstream.test_font_filename_eq_familystyle.TestTTFSourceFontFileNameEqualsFamilyStyle.test_source_ttf_font_filename_equals_familystyle(): FAIL
$ mv /home/travis/build/fontdirectory/inconsolata/builds/build/sources/Inconsolata-Regular.ttf.ttx /home/travis/build/fontdirectory/inconsolata/builds/build/sources/Inconsolata-Regular.ttx
bakery_lint.tests.upstream.test_font_filename_eq_familystyle.TestTTFSourceFontFileNameEqualsFamilyStyle.test_source_ttf_font_filename_equals_familystyle(): OK
bakery_lint.tests.upstream.test_check_ttx_requirements.SourceTTXTest.test_epar_in_keys(): FAIL
bakery_lint.tests.upstream.test_check_ttx_requirements.SourceTTXTest.test_os2_in_keys(): OK
bakery_lint.tests.upstream.test_check_ttx_requirements.SourceTTXTest.test_ttx_doesnt_contain_duplicate_glyphs(): OK
bakery_lint.tests.upstream.test_check_ttx_fontfamily_recommendations.TTX_FontFamilyNamingTest.test_ttx_family_naming_recommendation(): OK
$ fontbakery-check.py upstream Inconsolata.sfd
bakery_lint.tests.upstream.test_unicode_value_should_appear_only_once_per_font.UnicodeValueShouldAppearOnlyOnce.testUnicodeValue(): ERROR
bakery_lint.tests.upstream.test_font_filename_eq_familystyle.TestTTFSourceFontFileNameEqualsFamilyStyle.test_source_ttf_font_filename_equals_familystyle(): ERROR
bakery_lint.tests.upstream.test_contour_count.TestContourCount.test_contour_count(): ERROR
bakery_lint.tests.upstream.test_check_ufo_requirements.UfoOpenTest.test_has_rupee(): ERROR
bakery_lint.tests.upstream.test_check_ufo_requirements.UfoOpenTest.test_is_A(): ERROR
bakery_lint.tests.upstream.test_check_ufo_requirements.UfoOpenTest.test_is_A_a_glyph_instance(): ERROR
bakery_lint.tests.upstream.test_check_ufo_requirements.UfoOpenTest.test_is_ended_ufo(): ERROR
bakery_lint.tests.upstream.test_check_ufo_requirements.UfoOpenTest.test_is_folder(): ERROR
bakery_lint.tests.upstream.test_check_ufo_requirements.UfoOpenTest.test_is_fsType_eq_1(): ERROR
bakery_lint.tests.upstream.test_check_ufo_requirements.UfoOpenTest.test_it_exists(): ERROR
bakery_lint.tests.upstream.test_check_ufo_fontfamily_recommendations.TestUFOFontFamilyNamingTest.test_familyname_less_than_32_chars(): OK
bakery_lint.tests.upstream.test_check_ufo_fontfamily_recommendations.TestUFOFontFamilyNamingTest.test_fullfontname_less_than_64_chars(): OK
bakery_lint.tests.upstream.test_check_ufo_fontfamily_recommendations.TestUFOFontFamilyNamingTest.test_postscriptname_consistof_allowed_chars(): OK
bakery_lint.tests.upstream.test_check_ufo_fontfamily_recommendations.TestUFOFontFamilyNamingTest.test_postscriptname_less_than_30_chars(): OK
bakery_lint.tests.upstream.test_check_ufo_fontfamily_recommendations.TestUFOFontFamilyNamingTest.test_stylename_less_than_32_chars(): OK
bakery_lint.tests.upstream.test_check_ufo_fontfamily_recommendations.TestUFOFontFamilyNamingTest.test_weight_value_range_between_250_and_900(): OK
### (4 of 6) Convert sources to TTF
$ ttx -d /home/travis/build/fontdirectory/inconsolata/builds/build /home/travis/build/fontdirectory/inconsolata/builds/build/sources/Inconsolata-Regular.ttx /home/travis/build/fontdirectory/inconsolata/builds/build/sources/Inconsolata-Bold.ttx /home/travis/build/fontdirectory/inconsolata/builds/build/sources/Inconsolata-Medium.ttx
strippedname:/home/travis/build/fontdirectory/inconsolata/builds/build/sources/Inconsolata.sfd
Compiling "/home/travis/build/fontdirectory/inconsolata/builds/build/sources/Inconsolata-Regular.ttx" to "/home/travis/build/fontdirectory/inconsolata/builds/build/Inconsolata-Regular.ttf"...
Parsing 'GlyphOrder' table...
Parsing 'head' table...
Parsing 'hhea' table...
Parsing 'maxp' table...
Parsing 'OS/2' table...
Parsing 'hmtx' table...
Parsing 'LTSH' table...
Parsing 'VDMX' table...
Parsing 'cmap' table...
Parsing 'fpgm' table...
Parsing 'prep' table...
Parsing 'cvt ' table...
Parsing 'loca' table...
Parsing 'glyf' table...
Parsing 'name' table...
Parsing 'post' table...
Parsing 'gasp' table...
Compiling "/home/travis/build/fontdirectory/inconsolata/builds/build/sources/Inconsolata-Bold.ttx" to "/home/travis/build/fontdirectory/inconsolata/builds/build/Inconsolata-Bold.ttf"...
Parsing 'GlyphOrder' table...
Parsing 'head' table...
Parsing 'hhea' table...
Parsing 'maxp' table...
Parsing 'OS/2' table...
Parsing 'hmtx' table...
Parsing 'cmap' table...
Parsing 'fpgm' table...
Parsing 'prep' table...
Parsing 'cvt ' table...
Parsing 'loca' table...
Parsing 'glyf' table...
Parsing 'name' table...
Parsing 'post' table...
Parsing 'gasp' table...
Compiling "/home/travis/build/fontdirectory/inconsolata/builds/build/sources/Inconsolata-Medium.ttx" to "/home/travis/build/fontdirectory/inconsolata/builds/build/Inconsolata-Medium.otf"...
Parsing 'GlyphOrder' table...
Parsing 'head' table...
Parsing 'hhea' table...
Parsing 'maxp' table...
Parsing 'OS/2' table...
Parsing 'name' table...
Parsing 'cmap' table...
Parsing 'post' table...
Parsing 'CFF ' table...
Parsing 'FFTM' table...
Parsing 'GDEF' table...
Parsing 'hmtx' table...
### Test Inconsolata-Regular.ttf
$ fontbakery-check.py result Inconsolata-Regular.ttf
bakery_lint.tests.downstream.test_names_are_ascii_only.CheckNamesAreASCIIOnly.test_check_names_are_ascii_only(): OK
bakery_lint.tests.downstream.test_gpos_table_has_kerning_info.CheckGposTableHasKerningInfo.test_gpos_table_has_kerning_info(): FAIL
bakery_lint.tests.downstream.test_gasp_table_value.CheckGaspTableType.test_check_gasp_table_type(): OK
$ fontbakery-fix-gasp.py --set=15 /home/travis/build/fontdirectory/inconsolata/builds/build/Inconsolata-Regular.ttf
$ mv /home/travis/build/fontdirectory/inconsolata/builds/build/Inconsolata-Regular.ttf.fix /home/travis/build/fontdirectory/inconsolata/builds/build/Inconsolata-Regular.ttf
The following table(s) in the font have been ignored by FontForge
  Ignoring 'LTSH' linear threshold table
  Ignoring 'VDMX' vertical device metrics table
The glyph named visiblespace is mapped to U+2423.
But its name indicates it should be mapped to U+2420.
bakery_lint.tests.downstream.test_fontforge_validation_state.FontForgeValidateStateTest.test_allowed_numbers_paths_in_composite_glyphs(): OK
bakery_lint.tests.downstream.test_fontforge_validation_state.FontForgeValidateStateTest.test_allowed_numbers_paths_in_glyphs(): OK
bakery_lint.tests.downstream.test_fontforge_validation_state.FontForgeValidateStateTest.test_allowed_numbers_points_in_composite_glyphs(): OK
bakery_lint.tests.downstream.test_fontforge_validation_state.FontForgeValidateStateTest.test_allowed_numbers_points_in_glyphs(): OK
bakery_lint.tests.downstream.test_fontforge_validation_state.FontForgeValidateStateTest.test_duplicate_glyphs(): OK
bakery_lint.tests.downstream.test_fontforge_validation_state.FontForgeValidateStateTest.test_duplicate_unicode_codepoints(): OK
bakery_lint.tests.downstream.test_fontforge_validation_state.FontForgeValidateStateTest.test_flipped_reference_in_glyphs(): OK
bakery_lint.tests.downstream.test_fontforge_validation_state.FontForgeValidateStateTest.test_missing_anchors(): OK
bakery_lint.tests.downstream.test_fontforge_validation_state.FontForgeValidateStateTest.test_missing_extrema_in_glyphs(): FAIL
bakery_lint.tests.downstream.test_fontforge_validation_state.FontForgeValidateStateTest.test_overlapped_hints(): OK
bakery_lint.tests.downstream.test_fontforge_validation_state.FontForgeValidateStateTest.test_points_are_integer_aligned(): OK
bakery_lint.tests.downstream.test_fontforge_validation_state.FontForgeValidateStateTest.test_points_are_not_too_far_apart(): OK
bakery_lint.tests.downstream.test_fontforge_validation_state.FontForgeValidateStateTest.test_postscript_hasnt_limit_hints_in_glyphs(): OK
bakery_lint.tests.downstream.test_fontforge_validation_state.FontForgeValidateStateTest.test_postscript_hasnt_limit_points_in_glyphs(): OK
bakery_lint.tests.downstream.test_fontforge_validation_state.FontForgeValidateStateTest.test_referenced_glyphs_are_present(): OK
bakery_lint.tests.downstream.test_fontforge_validation_state.FontForgeValidateStateTest.test_valid_glyph_names(): OK
bakery_lint.tests.downstream.test_fontforge_validation_state.FontForgeValidateStateTest.test_valid_length_instructions(): OK
bakery_lint.tests.downstream.test_fontforge_validation_state.FontForgeValidateStateTest.test_validation_glyph_intersect(): OK
bakery_lint.tests.downstream.test_fontforge_validation_state.FontForgeValidateStateTest.test_validation_open_contours(): OK
bakery_lint.tests.downstream.test_fontforge_validation_state.FontForgeValidateStateTest.test_wrong_direction_in_glyphs(): OK
bakery_lint.tests.downstream.test_check_vertical_metrics.CheckVerticalLinegapMetrics.test_metrics_linegaps_are_zero(): FAIL
$ fontbakery-fix-vertical-metrics.py --autofix /home/travis/build/fontdirectory/inconsolata/builds/build/Inconsolata-Regular.ttf /home/travis/build/fontdirectory/inconsolata/builds/build/Inconsolata-Medium.otf /home/travis/build/fontdirectory/inconsolata/builds/build/Inconsolata-Bold.ttf
$ mv /home/travis/build/fontdirectory/inconsolata/builds/build/Inconsolata-Regular.ttf.fix /home/travis/build/fontdirectory/inconsolata/builds/build/Inconsolata-Regular.ttf
$ mv /home/travis/build/fontdirectory/inconsolata/builds/build/Inconsolata-Medium.otf.fix /home/travis/build/fontdirectory/inconsolata/builds/build/Inconsolata-Medium.otf
$ mv /home/travis/build/fontdirectory/inconsolata/builds/build/Inconsolata-Bold.ttf.fix /home/travis/build/fontdirectory/inconsolata/builds/build/Inconsolata-Bold.ttf
$ fontbakery-fix-vertical-metrics.py /home/travis/build/fontdirectory/inconsolata/builds/build/Inconsolata-Regular.ttf /home/travis/build/fontdirectory/inconsolata/builds/build/Inconsolata-Medium.otf /home/travis/build/fontdirectory/inconsolata/builds/build/Inconsolata-Bold.ttf
Parameter              Inconsolata-Regular.ttf    Inconsolata-Medium.otf    Inconsolata-Bold.ttf    
ymax                   834                        834                       1759                    
hhea.ascent            1759                       1759                      1759                    
OS/2.sTypoAscender     1759                       1759                      1759                    
OS/2.usWinAscent       1759                       1759                      1759                    
ymin                   -177                       -176                      -389                    
hhea.descent           -389                       -389                      -389                    
OS/2.sTypoDescender    -389                       -389                      -389                    
OS/2.usWinDescent      389                        389                       389                     
hhea.lineGap           0                          0                         0                       
OS/2.sTypoLineGap      0                          0                         0                       
hhea total             2148                       2148                      2148                    
typo total             2148                       2148                      2148                    
win total              2148                       2148                      2148                    
UPM:Heights            1000:1011                  1000:1010                 2048:2148               
UPM:Heights %          101 %                      101 %                     104 %                   


bakery_lint.tests.downstream.test_check_vertical_metrics.CheckVerticalLinegapMetrics.test_metrics_linegaps_are_zero(): OK
bakery_lint.tests.downstream.test_check_vertical_metrics.CheckVerticalAscentMetrics.test_metrics_ascents_equal_bbox(): OK
bakery_lint.tests.downstream.test_check_vertical_metrics.CheckVerticalDescentMetrics.test_metrics_descents_equal_bbox(): OK
bakery_lint.tests.downstream.test_check_upm_heights_less_120.TestCheckUPMHeightsLess120.test_check_upm_heigths_less_120(): FAIL
bakery_lint.tests.downstream.test_check_unused_glyph_data.CheckUnusedGlyphData.test_check_unused_glyph_data(): ERROR
bakery_lint.tests.downstream.test_check_unencoded_glyph.TestFontUnencodedGlyph.test_font_unencoded_glyphs(): FAIL
$ fontbakery-fix-glyph-private-encoding.py --autofix /home/travis/build/fontdirectory/inconsolata/builds/build/Inconsolata-Regular.ttf
$ mv /home/travis/build/fontdirectory/inconsolata/builds/build/Inconsolata-Regular.ttf.fix /home/travis/build/fontdirectory/inconsolata/builds/build/Inconsolata-Regular.ttf
bakery_lint.tests.downstream.test_check_unencoded_glyph.TestFontUnencodedGlyph.test_font_unencoded_glyphs(): FAIL
bakery_lint.tests.downstream.test_check_panose_identification.CheckPanoseIdentification.test_check_panose_identification(): ERROR
bakery_lint.tests.downstream.test_check_os2_width_class.CheckOS2WidthClass.test_check_os2_width_class(): OK
bakery_lint.tests.downstream.test_check_no_problematic_formats.CheckNoProblematicFormats.test_check_no_problematic_formats(): OK
bakery_lint.tests.downstream.test_check_nbsp_width_matches_sp_width.CheckNbspWidthMatchesSpWidth.test_check_nbsp_width_matches_sp_width(): FAIL
$ fontbakery-fix-nbsp.py /home/travis/build/fontdirectory/inconsolata/builds/build/Inconsolata-Regular.ttf
$ mv /home/travis/build/fontdirectory/inconsolata/builds/build/Inconsolata-Regular.ttf.fix /home/travis/build/fontdirectory/inconsolata/builds/build/Inconsolata-Regular.ttf
bakery_lint.tests.downstream.test_check_nbsp_width_matches_sp_width.CheckNbspWidthMatchesSpWidth.test_check_nbsp_width_matches_sp_width(): FAIL
bakery_lint.tests.downstream.test_check_names_same_across_platforms.CheckNamesSameAcrossPlatforms.test_check_names_same_across_platforms(): OK
bakery_lint.tests.downstream.test_check_name_table_recommendation.CheckStyleNameRecommendation.test_check_stylename_is_under_recommendations(): OK
bakery_lint.tests.downstream.test_check_name_table_recommendation.CheckOTFamilyNameRecommendation.test_check_opentype_familyname(): FAIL
$ fontbakery-fix-opentype-names.py /home/travis/build/fontdirectory/inconsolata/builds/build/Inconsolata-Regular.ttf
$ mv /home/travis/build/fontdirectory/inconsolata/builds/build/Inconsolata-Regular.ttf.fix /home/travis/build/fontdirectory/inconsolata/builds/build/Inconsolata-Regular.ttf
bakery_lint.tests.downstream.test_check_name_table_recommendation.CheckOTFamilyNameRecommendation.test_check_opentype_familyname(): OK
bakery_lint.tests.downstream.test_check_name_table_recommendation.CheckOTStyleNameRecommendation.test_check_opentype_stylename(): OK
bakery_lint.tests.downstream.test_check_name_table_recommendation.CheckOTFullNameRecommendation.test_check_opentype_fullname(): OK
bakery_lint.tests.downstream.test_check_magic_prep_code.CheckMagicPREPByteCode.test_prep_magic_code(): FAIL
bakery_lint.tests.downstream.test_check_license_included.CheckLicenseIncluded.test_license_included_in_font_names(): OK
bakery_lint.tests.downstream.test_check_italic_angle_agreement.CheckItalicAngleAgreement.test_check_italic_angle_agreement(): OK
bakery_lint.tests.downstream.test_check_hmtx_hhea_max_advance_width_agreement.CheckHmtxHheaMaxAdvanceWidthAgreement.test_check_hmtx_hhea_max_advance_width_agreement(): OK
bakery_lint.tests.downstream.test_check_glyph_existence.CheckGlyphExistence.test_euro(): OK
bakery_lint.tests.downstream.test_check_glyph_existence.CheckGlyphExistence.test_nbsp(): OK
bakery_lint.tests.downstream.test_check_glyph_existence.CheckGlyphExistence.test_space(): OK
bakery_lint.tests.downstream.test_check_glyf_table_length.CheckGlyfTableLength.test_check_glyf_table_length(): FAIL
bakery_lint.tests.downstream.test_check_full_font_name_begins_with_family_name.CheckFullFontNameBeginsWithFamilyName.test_check_full_font_name_begins_with_family_name(): OK
bakery_lint.tests.downstream.test_check_fontname_matches_macstyle.CheckFontNameEqualToMacStyleFlags.test_fontname_is_equal_to_macstyle(): FAIL
bakery_lint.tests.downstream.test_check_font_tables.CheckFontHasDsigTable.test_check_font_has_dsig_table(): FAIL
$ fontbakery-fix-dsig.py /home/travis/build/fontdirectory/inconsolata/builds/build/Inconsolata-Regular.ttf
$ mv /home/travis/build/fontdirectory/inconsolata/builds/build/Inconsolata-Regular.ttf.fix /home/travis/build/fontdirectory/inconsolata/builds/build/Inconsolata-Regular.ttf
bakery_lint.tests.downstream.test_check_font_tables.CheckFontHasDsigTable.test_check_font_has_dsig_table(): OK
bakery_lint.tests.downstream.test_check_font_tables.CheckFontHasNotKernTable.test_no_kern_table_exists(): OK
bakery_lint.tests.downstream.test_check_font_agreements.CheckFsTypeIsNotSet.test_is_fstype_not_set(): FAIL
$ fontbakery-fix-fstype.py --autofix /home/travis/build/fontdirectory/inconsolata/builds/build/Inconsolata-Regular.ttf
$ mv /home/travis/build/fontdirectory/inconsolata/builds/build/Inconsolata-Regular.ttf.fix /home/travis/build/fontdirectory/inconsolata/builds/build/Inconsolata-Regular.ttf
bakery_lint.tests.downstream.test_check_font_agreements.CheckFsTypeIsNotSet.test_is_fstype_not_set(): OK
$ fontbakery-fix-fstype.py --autofix /home/travis/build/fontdirectory/inconsolata/builds/build/Inconsolata-Regular.ttf
$ mv /home/travis/build/fontdirectory/inconsolata/builds/build/Inconsolata-Regular.ttf.fix /home/travis/build/fontdirectory/inconsolata/builds/build/Inconsolata-Regular.ttf
bakery_lint.tests.downstream.test_check_font_agreements.CheckFontAgreements.test_em_is_1000(): OK
bakery_lint.tests.downstream.test_check_font_agreements.CheckFontAgreements.test_font_is_font(): OK
bakery_lint.tests.downstream.test_check_font_agreements.CheckFontAgreements.test_latin_file_exists(): FAIL
bakery_lint.tests.downstream.test_check_font_agreements.CheckFontAgreements.test_menu_file_exists(): FAIL
### Optimize TTF Inconsolata-Regular.ttf
$ ls -l 'Inconsolata-Regular.ttf'* # look at the size savings of that subset process
Inconsolata-Regular.ttf.opt: 82384 bytes
Inconsolata-Regular.ttf: 85204 bytes
$ mv /home/travis/build/fontdirectory/inconsolata/builds/build/Inconsolata-Regular.ttf.opt /home/travis/build/fontdirectory/inconsolata/builds/build/Inconsolata-Regular.ttf
### Autohint TTFs (ttfautohint) Inconsolata-Regular.ttf
$ ttfautohint -l 7 -r 28 -G 50 -x 13 -w "G" /home/travis/build/fontdirectory/inconsolata/builds/build/Inconsolata-Regular.ttf '/home/travis/build/fontdirectory/inconsolata/builds/build/Inconsolata-Regular.autohint.ttf'

$ ls -l /home/travis/build/fontdirectory/inconsolata/builds/build/Inconsolata-Regular.*ttf # look at the size savings of that subset process
/home/travis/build/fontdirectory/inconsolata/builds/build/Inconsolata-Regular.ttf: 82384 bytes
/home/travis/build/fontdirectory/inconsolata/builds/build/Inconsolata-Regular.autohint.ttf: 38424 bytes
$ mv /home/travis/build/fontdirectory/inconsolata/builds/build/Inconsolata-Regular.autohint.ttf /home/travis/build/fontdirectory/inconsolata/builds/build/Inconsolata-Regular.ttf
### Subset TTFs (pyftsubset) Inconsolata-Regular.ttf
$ pyftsubset Inconsolata-Regular.latin
$ pyftsubset Inconsolata-Regular.menu
strippedname:/home/travis/build/fontdirectory/inconsolata/builds/build/Inconsolata-Regular.ttf
spaceWidth is    500
nbspWidth is     500
Nothing to do
### Test Inconsolata-Bold.ttf
$ fontbakery-check.py result Inconsolata-Bold.ttf
bakery_lint.tests.downstream.test_names_are_ascii_only.CheckNamesAreASCIIOnly.test_check_names_are_ascii_only(): OK
bakery_lint.tests.downstream.test_gpos_table_has_kerning_info.CheckGposTableHasKerningInfo.test_gpos_table_has_kerning_info(): FAIL
bakery_lint.tests.downstream.test_gasp_table_value.CheckGaspTableType.test_check_gasp_table_type(): OK
$ fontbakery-fix-gasp.py --set=15 /home/travis/build/fontdirectory/inconsolata/builds/build/Inconsolata-Bold.ttf
$ mv /home/travis/build/fontdirectory/inconsolata/builds/build/Inconsolata-Bold.ttf.fix /home/travis/build/fontdirectory/inconsolata/builds/build/Inconsolata-Bold.ttf
The glyph named visiblespace is mapped to U+2423.
But its name indicates it should be mapped to U+2420.
bakery_lint.tests.downstream.test_fontforge_validation_state.FontForgeValidateStateTest.test_allowed_numbers_paths_in_composite_glyphs(): OK
bakery_lint.tests.downstream.test_fontforge_validation_state.FontForgeValidateStateTest.test_allowed_numbers_paths_in_glyphs(): OK
bakery_lint.tests.downstream.test_fontforge_validation_state.FontForgeValidateStateTest.test_allowed_numbers_points_in_composite_glyphs(): OK
bakery_lint.tests.downstream.test_fontforge_validation_state.FontForgeValidateStateTest.test_allowed_numbers_points_in_glyphs(): OK
bakery_lint.tests.downstream.test_fontforge_validation_state.FontForgeValidateStateTest.test_duplicate_glyphs(): OK
bakery_lint.tests.downstream.test_fontforge_validation_state.FontForgeValidateStateTest.test_duplicate_unicode_codepoints(): OK
bakery_lint.tests.downstream.test_fontforge_validation_state.FontForgeValidateStateTest.test_flipped_reference_in_glyphs(): OK
bakery_lint.tests.downstream.test_fontforge_validation_state.FontForgeValidateStateTest.test_missing_anchors(): OK
bakery_lint.tests.downstream.test_fontforge_validation_state.FontForgeValidateStateTest.test_missing_extrema_in_glyphs(): FAIL
bakery_lint.tests.downstream.test_fontforge_validation_state.FontForgeValidateStateTest.test_overlapped_hints(): OK
bakery_lint.tests.downstream.test_fontforge_validation_state.FontForgeValidateStateTest.test_points_are_integer_aligned(): OK
bakery_lint.tests.downstream.test_fontforge_validation_state.FontForgeValidateStateTest.test_points_are_not_too_far_apart(): OK
bakery_lint.tests.downstream.test_fontforge_validation_state.FontForgeValidateStateTest.test_postscript_hasnt_limit_hints_in_glyphs(): OK
bakery_lint.tests.downstream.test_fontforge_validation_state.FontForgeValidateStateTest.test_postscript_hasnt_limit_points_in_glyphs(): OK
bakery_lint.tests.downstream.test_fontforge_validation_state.FontForgeValidateStateTest.test_referenced_glyphs_are_present(): OK
bakery_lint.tests.downstream.test_fontforge_validation_state.FontForgeValidateStateTest.test_valid_glyph_names(): OK
bakery_lint.tests.downstream.test_fontforge_validation_state.FontForgeValidateStateTest.test_valid_length_instructions(): OK
bakery_lint.tests.downstream.test_fontforge_validation_state.FontForgeValidateStateTest.test_validation_glyph_intersect(): OK
bakery_lint.tests.downstream.test_fontforge_validation_state.FontForgeValidateStateTest.test_validation_open_contours(): OK
bakery_lint.tests.downstream.test_fontforge_validation_state.FontForgeValidateStateTest.test_wrong_direction_in_glyphs(): OK
bakery_lint.tests.downstream.test_check_vertical_metrics.CheckVerticalLinegapMetrics.test_metrics_linegaps_are_zero(): OK
bakery_lint.tests.downstream.test_check_vertical_metrics.CheckVerticalAscentMetrics.test_metrics_ascents_equal_bbox(): OK
bakery_lint.tests.downstream.test_check_vertical_metrics.CheckVerticalDescentMetrics.test_metrics_descents_equal_bbox(): OK
bakery_lint.tests.downstream.test_check_upm_heights_less_120.TestCheckUPMHeightsLess120.test_check_upm_heigths_less_120(): OK
bakery_lint.tests.downstream.test_check_unused_glyph_data.CheckUnusedGlyphData.test_check_unused_glyph_data(): ERROR
bakery_lint.tests.downstream.test_check_unencoded_glyph.TestFontUnencodedGlyph.test_font_unencoded_glyphs(): FAIL
$ fontbakery-fix-glyph-private-encoding.py --autofix /home/travis/build/fontdirectory/inconsolata/builds/build/Inconsolata-Bold.ttf
$ mv /home/travis/build/fontdirectory/inconsolata/builds/build/Inconsolata-Bold.ttf.fix /home/travis/build/fontdirectory/inconsolata/builds/build/Inconsolata-Bold.ttf
bakery_lint.tests.downstream.test_check_unencoded_glyph.TestFontUnencodedGlyph.test_font_unencoded_glyphs(): FAIL
bakery_lint.tests.downstream.test_check_panose_identification.CheckPanoseIdentification.test_check_panose_identification(): ERROR
bakery_lint.tests.downstream.test_check_os2_width_class.CheckOS2WidthClass.test_check_os2_width_class(): OK
bakery_lint.tests.downstream.test_check_no_problematic_formats.CheckNoProblematicFormats.test_check_no_problematic_formats(): OK
bakery_lint.tests.downstream.test_check_nbsp_width_matches_sp_width.CheckNbspWidthMatchesSpWidth.test_check_nbsp_width_matches_sp_width(): FAIL
$ fontbakery-fix-nbsp.py /home/travis/build/fontdirectory/inconsolata/builds/build/Inconsolata-Bold.ttf
$ mv /home/travis/build/fontdirectory/inconsolata/builds/build/Inconsolata-Bold.ttf.fix /home/travis/build/fontdirectory/inconsolata/builds/build/Inconsolata-Bold.ttf
bakery_lint.tests.downstream.test_check_nbsp_width_matches_sp_width.CheckNbspWidthMatchesSpWidth.test_check_nbsp_width_matches_sp_width(): FAIL
bakery_lint.tests.downstream.test_check_names_same_across_platforms.CheckNamesSameAcrossPlatforms.test_check_names_same_across_platforms(): OK
bakery_lint.tests.downstream.test_check_name_table_recommendation.CheckStyleNameRecommendation.test_check_stylename_is_under_recommendations(): OK
bakery_lint.tests.downstream.test_check_name_table_recommendation.CheckOTFamilyNameRecommendation.test_check_opentype_familyname(): FAIL
$ fontbakery-fix-opentype-names.py /home/travis/build/fontdirectory/inconsolata/builds/build/Inconsolata-Bold.ttf
$ mv /home/travis/build/fontdirectory/inconsolata/builds/build/Inconsolata-Bold.ttf.fix /home/travis/build/fontdirectory/inconsolata/builds/build/Inconsolata-Bold.ttf
bakery_lint.tests.downstream.test_check_name_table_recommendation.CheckOTFamilyNameRecommendation.test_check_opentype_familyname(): OK
bakery_lint.tests.downstream.test_check_name_table_recommendation.CheckOTStyleNameRecommendation.test_check_opentype_stylename(): OK
bakery_lint.tests.downstream.test_check_name_table_recommendation.CheckOTFullNameRecommendation.test_check_opentype_fullname(): OK
bakery_lint.tests.downstream.test_check_magic_prep_code.CheckMagicPREPByteCode.test_prep_magic_code(): FAIL
bakery_lint.tests.downstream.test_check_license_included.CheckLicenseIncluded.test_license_included_in_font_names(): OK
bakery_lint.tests.downstream.test_check_italic_angle_agreement.CheckItalicAngleAgreement.test_check_italic_angle_agreement(): OK
bakery_lint.tests.downstream.test_check_hmtx_hhea_max_advance_width_agreement.CheckHmtxHheaMaxAdvanceWidthAgreement.test_check_hmtx_hhea_max_advance_width_agreement(): OK
bakery_lint.tests.downstream.test_check_glyph_existence.CheckGlyphExistence.test_euro(): OK
bakery_lint.tests.downstream.test_check_glyph_existence.CheckGlyphExistence.test_nbsp(): OK
bakery_lint.tests.downstream.test_check_glyph_existence.CheckGlyphExistence.test_space(): OK
bakery_lint.tests.downstream.test_check_glyf_table_length.CheckGlyfTableLength.test_check_glyf_table_length(): FAIL
bakery_lint.tests.downstream.test_check_full_font_name_begins_with_family_name.CheckFullFontNameBeginsWithFamilyName.test_check_full_font_name_begins_with_family_name(): OK
bakery_lint.tests.downstream.test_check_fontname_matches_macstyle.CheckFontNameEqualToMacStyleFlags.test_fontname_is_equal_to_macstyle(): FAIL
bakery_lint.tests.downstream.test_check_font_tables.CheckFontHasDsigTable.test_check_font_has_dsig_table(): FAIL
$ fontbakery-fix-dsig.py /home/travis/build/fontdirectory/inconsolata/builds/build/Inconsolata-Bold.ttf
$ mv /home/travis/build/fontdirectory/inconsolata/builds/build/Inconsolata-Bold.ttf.fix /home/travis/build/fontdirectory/inconsolata/builds/build/Inconsolata-Bold.ttf
bakery_lint.tests.downstream.test_check_font_tables.CheckFontHasDsigTable.test_check_font_has_dsig_table(): OK
bakery_lint.tests.downstream.test_check_font_tables.CheckFontHasNotKernTable.test_no_kern_table_exists(): OK
bakery_lint.tests.downstream.test_check_font_agreements.CheckFsTypeIsNotSet.test_is_fstype_not_set(): OK
$ fontbakery-fix-fstype.py --autofix /home/travis/build/fontdirectory/inconsolata/builds/build/Inconsolata-Bold.ttf
$ mv /home/travis/build/fontdirectory/inconsolata/builds/build/Inconsolata-Bold.ttf.fix /home/travis/build/fontdirectory/inconsolata/builds/build/Inconsolata-Bold.ttf
bakery_lint.tests.downstream.test_check_font_agreements.CheckFontAgreements.test_em_is_1000(): FAIL
bakery_lint.tests.downstream.test_check_font_agreements.CheckFontAgreements.test_font_is_font(): OK
bakery_lint.tests.downstream.test_check_font_agreements.CheckFontAgreements.test_latin_file_exists(): FAIL
bakery_lint.tests.downstream.test_check_font_agreements.CheckFontAgreements.test_menu_file_exists(): FAIL
### Optimize TTF Inconsolata-Bold.ttf
$ ls -l 'Inconsolata-Bold.ttf'* # look at the size savings of that subset process
Inconsolata-Bold.ttf.opt: 64232 bytes
Inconsolata-Bold.ttf: 67068 bytes
$ mv /home/travis/build/fontdirectory/inconsolata/builds/build/Inconsolata-Bold.ttf.opt /home/travis/build/fontdirectory/inconsolata/builds/build/Inconsolata-Bold.ttf
### Autohint TTFs (ttfautohint) Inconsolata-Bold.ttf
$ ttfautohint -l 7 -r 28 -G 50 -x 13 -w "G" /home/travis/build/fontdirectory/inconsolata/builds/build/Inconsolata-Bold.ttf '/home/travis/build/fontdirectory/inconsolata/builds/build/Inconsolata-Bold.autohint.ttf'

$ ls -l /home/travis/build/fontdirectory/inconsolata/builds/build/Inconsolata-Bold.*ttf # look at the size savings of that subset process
/home/travis/build/fontdirectory/inconsolata/builds/build/Inconsolata-Bold.ttf: 64232 bytes
/home/travis/build/fontdirectory/inconsolata/builds/build/Inconsolata-Bold.autohint.ttf: 42420 bytes
$ mv /home/travis/build/fontdirectory/inconsolata/builds/build/Inconsolata-Bold.autohint.ttf /home/travis/build/fontdirectory/inconsolata/builds/build/Inconsolata-Bold.ttf
### Subset TTFs (pyftsubset) Inconsolata-Bold.ttf
$ pyftsubset Inconsolata-Bold.latin
$ pyftsubset Inconsolata-Bold.menu
strippedname:/home/travis/build/fontdirectory/inconsolata/builds/build/Inconsolata-Bold.ttf
spaceWidth is    1024
nbspWidth is     1024
Nothing to do
$ fontbakery-build-font2ttf.py sources/Inconsolata-Medium.otf Inconsolata-Medium.ttf
In Inconsolata, the advance width (65528) for glyph NameMe.154 is greater than the maximum (500)
  Subsequent errors will not be reported.
In Inconsolata, in glyph NameMe.154, 'CFF ' advance width (-8) and
  'hmtx' width (65528) do not match. (Subsequent mismatches will not be reported)
The glyph named visiblespace is mapped to U+2423.
But its name indicates it should be mapped to U+2420.
Success: Generated OpenType-TTF (/home/travis/build/fontdirectory/inconsolata/builds/build/Inconsolata-Medium.ttf)
strippedname:/home/travis/build/fontdirectory/inconsolata/builds/build/Inconsolata-Medium.otf
### Test Inconsolata-Medium.ttf
$ fontbakery-check.py result Inconsolata-Medium.ttf
bakery_lint.tests.downstream.test_names_are_ascii_only.CheckNamesAreASCIIOnly.test_check_names_are_ascii_only(): OK
bakery_lint.tests.downstream.test_gpos_table_has_kerning_info.CheckGposTableHasKerningInfo.test_gpos_table_has_kerning_info(): FAIL
bakery_lint.tests.downstream.test_gasp_table_value.CheckGaspTableType.test_check_gasp_table_type(): FAIL
$ fontbakery-fix-gasp.py --set=15 /home/travis/build/fontdirectory/inconsolata/builds/build/Inconsolata-Medium.ttf
$ mv /home/travis/build/fontdirectory/inconsolata/builds/build/Inconsolata-Medium.ttf.fix /home/travis/build/fontdirectory/inconsolata/builds/build/Inconsolata-Medium.ttf
bakery_lint.tests.downstream.test_gasp_table_value.CheckGaspTableType.test_check_gasp_table_type(): OK
$ fontbakery-fix-gasp.py --set=15 /home/travis/build/fontdirectory/inconsolata/builds/build/Inconsolata-Medium.ttf
$ mv /home/travis/build/fontdirectory/inconsolata/builds/build/Inconsolata-Medium.ttf.fix /home/travis/build/fontdirectory/inconsolata/builds/build/Inconsolata-Medium.ttf
The following table(s) in the font have been ignored by FontForge
  Ignoring 'DSIG' digital signature table
The glyph named visiblespace is mapped to U+2423.
But its name indicates it should be mapped to U+2420.
bakery_lint.tests.downstream.test_fontforge_validation_state.FontForgeValidateStateTest.test_allowed_numbers_paths_in_composite_glyphs(): OK
bakery_lint.tests.downstream.test_fontforge_validation_state.FontForgeValidateStateTest.test_allowed_numbers_paths_in_glyphs(): OK
bakery_lint.tests.downstream.test_fontforge_validation_state.FontForgeValidateStateTest.test_allowed_numbers_points_in_composite_glyphs(): OK
bakery_lint.tests.downstream.test_fontforge_validation_state.FontForgeValidateStateTest.test_allowed_numbers_points_in_glyphs(): OK
bakery_lint.tests.downstream.test_fontforge_validation_state.FontForgeValidateStateTest.test_duplicate_glyphs(): OK
bakery_lint.tests.downstream.test_fontforge_validation_state.FontForgeValidateStateTest.test_duplicate_unicode_codepoints(): OK
bakery_lint.tests.downstream.test_fontforge_validation_state.FontForgeValidateStateTest.test_flipped_reference_in_glyphs(): OK
bakery_lint.tests.downstream.test_fontforge_validation_state.FontForgeValidateStateTest.test_missing_anchors(): OK
bakery_lint.tests.downstream.test_fontforge_validation_state.FontForgeValidateStateTest.test_missing_extrema_in_glyphs(): FAIL
bakery_lint.tests.downstream.test_fontforge_validation_state.FontForgeValidateStateTest.test_overlapped_hints(): OK
bakery_lint.tests.downstream.test_fontforge_validation_state.FontForgeValidateStateTest.test_points_are_integer_aligned(): OK
bakery_lint.tests.downstream.test_fontforge_validation_state.FontForgeValidateStateTest.test_points_are_not_too_far_apart(): OK
bakery_lint.tests.downstream.test_fontforge_validation_state.FontForgeValidateStateTest.test_postscript_hasnt_limit_hints_in_glyphs(): OK
bakery_lint.tests.downstream.test_fontforge_validation_state.FontForgeValidateStateTest.test_postscript_hasnt_limit_points_in_glyphs(): OK
bakery_lint.tests.downstream.test_fontforge_validation_state.FontForgeValidateStateTest.test_referenced_glyphs_are_present(): OK
bakery_lint.tests.downstream.test_fontforge_validation_state.FontForgeValidateStateTest.test_valid_glyph_names(): OK
bakery_lint.tests.downstream.test_fontforge_validation_state.FontForgeValidateStateTest.test_valid_length_instructions(): OK
bakery_lint.tests.downstream.test_fontforge_validation_state.FontForgeValidateStateTest.test_validation_glyph_intersect(): OK
bakery_lint.tests.downstream.test_fontforge_validation_state.FontForgeValidateStateTest.test_validation_open_contours(): OK
bakery_lint.tests.downstream.test_fontforge_validation_state.FontForgeValidateStateTest.test_wrong_direction_in_glyphs(): OK
bakery_lint.tests.downstream.test_check_vertical_metrics.CheckVerticalLinegapMetrics.test_metrics_linegaps_are_zero(): OK
bakery_lint.tests.downstream.test_check_vertical_metrics.CheckVerticalAscentMetrics.test_metrics_ascents_equal_bbox(): OK
bakery_lint.tests.downstream.test_check_vertical_metrics.CheckVerticalDescentMetrics.test_metrics_descents_equal_bbox(): OK
bakery_lint.tests.downstream.test_check_upm_heights_less_120.TestCheckUPMHeightsLess120.test_check_upm_heigths_less_120(): FAIL
bakery_lint.tests.downstream.test_check_unused_glyph_data.CheckUnusedGlyphData.test_check_unused_glyph_data(): ERROR
bakery_lint.tests.downstream.test_check_unencoded_glyph.TestFontUnencodedGlyph.test_font_unencoded_glyphs(): FAIL
$ fontbakery-fix-glyph-private-encoding.py --autofix /home/travis/build/fontdirectory/inconsolata/builds/build/Inconsolata-Medium.ttf
$ mv /home/travis/build/fontdirectory/inconsolata/builds/build/Inconsolata-Medium.ttf.fix /home/travis/build/fontdirectory/inconsolata/builds/build/Inconsolata-Medium.ttf
bakery_lint.tests.downstream.test_check_unencoded_glyph.TestFontUnencodedGlyph.test_font_unencoded_glyphs(): FAIL
bakery_lint.tests.downstream.test_check_panose_identification.CheckPanoseIdentification.test_check_panose_identification(): ERROR
bakery_lint.tests.downstream.test_check_os2_width_class.CheckOS2WidthClass.test_check_os2_width_class(): OK
bakery_lint.tests.downstream.test_check_no_problematic_formats.CheckNoProblematicFormats.test_check_no_problematic_formats(): OK
bakery_lint.tests.downstream.test_check_nbsp_width_matches_sp_width.CheckNbspWidthMatchesSpWidth.test_check_nbsp_width_matches_sp_width(): FAIL
$ fontbakery-fix-nbsp.py /home/travis/build/fontdirectory/inconsolata/builds/build/Inconsolata-Medium.ttf
$ mv /home/travis/build/fontdirectory/inconsolata/builds/build/Inconsolata-Medium.ttf.fix /home/travis/build/fontdirectory/inconsolata/builds/build/Inconsolata-Medium.ttf
bakery_lint.tests.downstream.test_check_nbsp_width_matches_sp_width.CheckNbspWidthMatchesSpWidth.test_check_nbsp_width_matches_sp_width(): FAIL
bakery_lint.tests.downstream.test_check_names_same_across_platforms.CheckNamesSameAcrossPlatforms.test_check_names_same_across_platforms(): OK
bakery_lint.tests.downstream.test_check_name_table_recommendation.CheckStyleNameRecommendation.test_check_stylename_is_under_recommendations(): FAIL
$ fontbakery-fix-opentype-names.py /home/travis/build/fontdirectory/inconsolata/builds/build/Inconsolata-Medium.ttf
$ mv /home/travis/build/fontdirectory/inconsolata/builds/build/Inconsolata-Medium.ttf.fix /home/travis/build/fontdirectory/inconsolata/builds/build/Inconsolata-Medium.ttf
bakery_lint.tests.downstream.test_check_name_table_recommendation.CheckStyleNameRecommendation.test_check_stylename_is_under_recommendations(): FAIL
bakery_lint.tests.downstream.test_check_name_table_recommendation.CheckOTFamilyNameRecommendation.test_check_opentype_familyname(): OK
bakery_lint.tests.downstream.test_check_name_table_recommendation.CheckOTStyleNameRecommendation.test_check_opentype_stylename(): FAIL
$ fontbakery-fix-opentype-names.py /home/travis/build/fontdirectory/inconsolata/builds/build/Inconsolata-Medium.ttf
$ mv /home/travis/build/fontdirectory/inconsolata/builds/build/Inconsolata-Medium.ttf.fix /home/travis/build/fontdirectory/inconsolata/builds/build/Inconsolata-Medium.ttf
bakery_lint.tests.downstream.test_check_name_table_recommendation.CheckOTStyleNameRecommendation.test_check_opentype_stylename(): FAIL
bakery_lint.tests.downstream.test_check_name_table_recommendation.CheckOTFullNameRecommendation.test_check_opentype_fullname(): OK
bakery_lint.tests.downstream.test_check_magic_prep_code.CheckMagicPREPByteCode.test_prep_magic_code(): FAIL
bakery_lint.tests.downstream.test_check_license_included.CheckLicenseIncluded.test_license_included_in_font_names(): ERROR
bakery_lint.tests.downstream.test_check_italic_angle_agreement.CheckItalicAngleAgreement.test_check_italic_angle_agreement(): OK
bakery_lint.tests.downstream.test_check_hmtx_hhea_max_advance_width_agreement.CheckHmtxHheaMaxAdvanceWidthAgreement.test_check_hmtx_hhea_max_advance_width_agreement(): OK
bakery_lint.tests.downstream.test_check_glyph_existence.CheckGlyphExistence.test_euro(): OK
bakery_lint.tests.downstream.test_check_glyph_existence.CheckGlyphExistence.test_nbsp(): OK
bakery_lint.tests.downstream.test_check_glyph_existence.CheckGlyphExistence.test_space(): OK
bakery_lint.tests.downstream.test_check_glyf_table_length.CheckGlyfTableLength.test_check_glyf_table_length(): FAIL
bakery_lint.tests.downstream.test_check_full_font_name_begins_with_family_name.CheckFullFontNameBeginsWithFamilyName.test_check_full_font_name_begins_with_family_name(): OK
bakery_lint.tests.downstream.test_check_fontname_matches_macstyle.CheckFontNameEqualToMacStyleFlags.test_fontname_is_equal_to_macstyle(): FAIL
bakery_lint.tests.downstream.test_check_font_tables.CheckFontHasDsigTable.test_check_font_has_dsig_table(): OK
bakery_lint.tests.downstream.test_check_font_tables.CheckFontHasNotKernTable.test_no_kern_table_exists(): OK
bakery_lint.tests.downstream.test_check_font_agreements.CheckFsTypeIsNotSet.test_is_fstype_not_set(): FAIL
$ fontbakery-fix-fstype.py --autofix /home/travis/build/fontdirectory/inconsolata/builds/build/Inconsolata-Medium.ttf
$ mv /home/travis/build/fontdirectory/inconsolata/builds/build/Inconsolata-Medium.ttf.fix /home/travis/build/fontdirectory/inconsolata/builds/build/Inconsolata-Medium.ttf
bakery_lint.tests.downstream.test_check_font_agreements.CheckFsTypeIsNotSet.test_is_fstype_not_set(): OK
$ fontbakery-fix-fstype.py --autofix /home/travis/build/fontdirectory/inconsolata/builds/build/Inconsolata-Medium.ttf
$ mv /home/travis/build/fontdirectory/inconsolata/builds/build/Inconsolata-Medium.ttf.fix /home/travis/build/fontdirectory/inconsolata/builds/build/Inconsolata-Medium.ttf
bakery_lint.tests.downstream.test_check_font_agreements.CheckFontAgreements.test_em_is_1000(): OK
bakery_lint.tests.downstream.test_check_font_agreements.CheckFontAgreements.test_font_is_font(): OK
bakery_lint.tests.downstream.test_check_font_agreements.CheckFontAgreements.test_latin_file_exists(): FAIL
bakery_lint.tests.downstream.test_check_font_agreements.CheckFontAgreements.test_menu_file_exists(): FAIL
### Optimize TTF Inconsolata-Medium.ttf
$ ls -l 'Inconsolata-Medium.ttf'* # look at the size savings of that subset process
Inconsolata-Medium.ttf.opt: 30092 bytes
Inconsolata-Medium.ttf: 33236 bytes
$ mv /home/travis/build/fontdirectory/inconsolata/builds/build/Inconsolata-Medium.ttf.opt /home/travis/build/fontdirectory/inconsolata/builds/build/Inconsolata-Medium.ttf
### Autohint TTFs (ttfautohint) Inconsolata-Medium.ttf
$ ttfautohint -l 7 -r 28 -G 50 -x 13 -w "G" /home/travis/build/fontdirectory/inconsolata/builds/build/Inconsolata-Medium.ttf '/home/travis/build/fontdirectory/inconsolata/builds/build/Inconsolata-Medium.autohint.ttf'

$ ls -l /home/travis/build/fontdirectory/inconsolata/builds/build/Inconsolata-Medium.*ttf # look at the size savings of that subset process
/home/travis/build/fontdirectory/inconsolata/builds/build/Inconsolata-Medium.ttf: 30092 bytes
/home/travis/build/fontdirectory/inconsolata/builds/build/Inconsolata-Medium.autohint.ttf: 52000 bytes
$ mv /home/travis/build/fontdirectory/inconsolata/builds/build/Inconsolata-Medium.autohint.ttf /home/travis/build/fontdirectory/inconsolata/builds/build/Inconsolata-Medium.ttf
### Subset TTFs (pyftsubset) Inconsolata-Medium.ttf
$ pyftsubset Inconsolata-Medium.latin
$ pyftsubset Inconsolata-Medium.menu
strippedname:/home/travis/build/fontdirectory/inconsolata/builds/build/Inconsolata-Medium.ttf
spaceWidth is    500
nbspWidth is     500
Nothing to do
$ fontbakery-build-font2ttf.py sources/Inconsolata.sfd Inconsolata.ttf
Success: Generated OpenType-TTF (/home/travis/build/fontdirectory/inconsolata/builds/build/Inconsolata.ttf)
### Test Inconsolata.ttf
$ fontbakery-check.py result Inconsolata.ttf
bakery_lint.tests.downstream.test_names_are_ascii_only.CheckNamesAreASCIIOnly.test_check_names_are_ascii_only(): OK
bakery_lint.tests.downstream.test_gpos_table_has_kerning_info.CheckGposTableHasKerningInfo.test_gpos_table_has_kerning_info(): FAIL
bakery_lint.tests.downstream.test_gasp_table_value.CheckGaspTableType.test_check_gasp_table_type(): FAIL
$ fontbakery-fix-gasp.py --set=15 /home/travis/build/fontdirectory/inconsolata/builds/build/Inconsolata.ttf
$ mv /home/travis/build/fontdirectory/inconsolata/builds/build/Inconsolata.ttf.fix /home/travis/build/fontdirectory/inconsolata/builds/build/Inconsolata.ttf
bakery_lint.tests.downstream.test_gasp_table_value.CheckGaspTableType.test_check_gasp_table_type(): OK
$ fontbakery-fix-gasp.py --set=15 /home/travis/build/fontdirectory/inconsolata/builds/build/Inconsolata.ttf
$ mv /home/travis/build/fontdirectory/inconsolata/builds/build/Inconsolata.ttf.fix /home/travis/build/fontdirectory/inconsolata/builds/build/Inconsolata.ttf
The following table(s) in the font have been ignored by FontForge
  Ignoring 'DSIG' digital signature table
The glyph named visiblespace is mapped to U+2423.
But its name indicates it should be mapped to U+2420.
bakery_lint.tests.downstream.test_fontforge_validation_state.FontForgeValidateStateTest.test_allowed_numbers_paths_in_composite_glyphs(): OK
bakery_lint.tests.downstream.test_fontforge_validation_state.FontForgeValidateStateTest.test_allowed_numbers_paths_in_glyphs(): OK
bakery_lint.tests.downstream.test_fontforge_validation_state.FontForgeValidateStateTest.test_allowed_numbers_points_in_composite_glyphs(): OK
bakery_lint.tests.downstream.test_fontforge_validation_state.FontForgeValidateStateTest.test_allowed_numbers_points_in_glyphs(): OK
bakery_lint.tests.downstream.test_fontforge_validation_state.FontForgeValidateStateTest.test_duplicate_glyphs(): OK
bakery_lint.tests.downstream.test_fontforge_validation_state.FontForgeValidateStateTest.test_duplicate_unicode_codepoints(): OK
bakery_lint.tests.downstream.test_fontforge_validation_state.FontForgeValidateStateTest.test_flipped_reference_in_glyphs(): OK
bakery_lint.tests.downstream.test_fontforge_validation_state.FontForgeValidateStateTest.test_missing_anchors(): OK
bakery_lint.tests.downstream.test_fontforge_validation_state.FontForgeValidateStateTest.test_missing_extrema_in_glyphs(): FAIL
bakery_lint.tests.downstream.test_fontforge_validation_state.FontForgeValidateStateTest.test_overlapped_hints(): OK
bakery_lint.tests.downstream.test_fontforge_validation_state.FontForgeValidateStateTest.test_points_are_integer_aligned(): OK
bakery_lint.tests.downstream.test_fontforge_validation_state.FontForgeValidateStateTest.test_points_are_not_too_far_apart(): OK
bakery_lint.tests.downstream.test_fontforge_validation_state.FontForgeValidateStateTest.test_postscript_hasnt_limit_hints_in_glyphs(): OK
bakery_lint.tests.downstream.test_fontforge_validation_state.FontForgeValidateStateTest.test_postscript_hasnt_limit_points_in_glyphs(): OK
bakery_lint.tests.downstream.test_fontforge_validation_state.FontForgeValidateStateTest.test_referenced_glyphs_are_present(): OK
bakery_lint.tests.downstream.test_fontforge_validation_state.FontForgeValidateStateTest.test_valid_glyph_names(): OK
bakery_lint.tests.downstream.test_fontforge_validation_state.FontForgeValidateStateTest.test_valid_length_instructions(): OK
bakery_lint.tests.downstream.test_fontforge_validation_state.FontForgeValidateStateTest.test_validation_glyph_intersect(): FAIL
bakery_lint.tests.downstream.test_fontforge_validation_state.FontForgeValidateStateTest.test_validation_open_contours(): OK
bakery_lint.tests.downstream.test_fontforge_validation_state.FontForgeValidateStateTest.test_wrong_direction_in_glyphs(): OK
bakery_lint.tests.downstream.test_check_vertical_metrics.CheckVerticalLinegapMetrics.test_metrics_linegaps_are_zero(): FAIL
$ fontbakery-fix-vertical-metrics.py --autofix /home/travis/build/fontdirectory/inconsolata/builds/build/Inconsolata.ttf /home/travis/build/fontdirectory/inconsolata/builds/build/Inconsolata-Medium.ttf /home/travis/build/fontdirectory/inconsolata/builds/build/Inconsolata-Bold.ttf /home/travis/build/fontdirectory/inconsolata/builds/build/Inconsolata-Regular.ttf
$ mv /home/travis/build/fontdirectory/inconsolata/builds/build/Inconsolata.ttf.fix /home/travis/build/fontdirectory/inconsolata/builds/build/Inconsolata.ttf
$ mv /home/travis/build/fontdirectory/inconsolata/builds/build/Inconsolata-Medium.ttf.fix /home/travis/build/fontdirectory/inconsolata/builds/build/Inconsolata-Medium.ttf
$ mv /home/travis/build/fontdirectory/inconsolata/builds/build/Inconsolata-Bold.ttf.fix /home/travis/build/fontdirectory/inconsolata/builds/build/Inconsolata-Bold.ttf
$ mv /home/travis/build/fontdirectory/inconsolata/builds/build/Inconsolata-Regular.ttf.fix /home/travis/build/fontdirectory/inconsolata/builds/build/Inconsolata-Regular.ttf
$ fontbakery-fix-vertical-metrics.py /home/travis/build/fontdirectory/inconsolata/builds/build/Inconsolata.ttf /home/travis/build/fontdirectory/inconsolata/builds/build/Inconsolata-Medium.ttf /home/travis/build/fontdirectory/inconsolata/builds/build/Inconsolata-Bold.ttf /home/travis/build/fontdirectory/inconsolata/builds/build/Inconsolata-Regular.ttf
Parameter              Inconsolata.ttf    Inconsolata-Medium.ttf    Inconsolata-Bold.ttf    Inconsolata-Regular.ttf    
ymax                   967                835                       1759                    834                        
hhea.ascent            1759               1759                      1759                    1759                       
OS/2.sTypoAscender     1759               1759                      1759                    1759                       
OS/2.usWinAscent       1759               1759                      1759                    1759                       
ymin                   -205               -177                      -389                    -177                       
hhea.descent           -389               -389                      -389                    -389                       
OS/2.sTypoDescender    -389               -389                      -389                    -389                       
OS/2.usWinDescent      389                389                       389                     389                        
hhea.lineGap           0                  0                         0                       0                          
OS/2.sTypoLineGap      0                  0                         0                       0                          
hhea total             2148               2148                      2148                    2148                       
typo total             2148               2148                      2148                    2148                       
win total              2148               2148                      2148                    2148                       
UPM:Heights            1000:1172          1000:1012                 2048:2148               1000:1011                  
UPM:Heights %          117 %              101 %                     104 %                   101 %                      


bakery_lint.tests.downstream.test_check_vertical_metrics.CheckVerticalLinegapMetrics.test_metrics_linegaps_are_zero(): OK
bakery_lint.tests.downstream.test_check_vertical_metrics.CheckVerticalAscentMetrics.test_metrics_ascents_equal_bbox(): OK
bakery_lint.tests.downstream.test_check_vertical_metrics.CheckVerticalDescentMetrics.test_metrics_descents_equal_bbox(): OK
bakery_lint.tests.downstream.test_check_upm_heights_less_120.TestCheckUPMHeightsLess120.test_check_upm_heigths_less_120(): FAIL
bakery_lint.tests.downstream.test_check_unused_glyph_data.CheckUnusedGlyphData.test_check_unused_glyph_data(): ERROR
bakery_lint.tests.downstream.test_check_unencoded_glyph.TestFontUnencodedGlyph.test_font_unencoded_glyphs(): FAIL
$ fontbakery-fix-glyph-private-encoding.py --autofix /home/travis/build/fontdirectory/inconsolata/builds/build/Inconsolata.ttf
$ mv /home/travis/build/fontdirectory/inconsolata/builds/build/Inconsolata.ttf.fix /home/travis/build/fontdirectory/inconsolata/builds/build/Inconsolata.ttf
bakery_lint.tests.downstream.test_check_unencoded_glyph.TestFontUnencodedGlyph.test_font_unencoded_glyphs(): FAIL
bakery_lint.tests.downstream.test_check_panose_identification.CheckPanoseIdentification.test_check_panose_identification(): ERROR
bakery_lint.tests.downstream.test_check_os2_width_class.CheckOS2WidthClass.test_check_os2_width_class(): OK
bakery_lint.tests.downstream.test_check_no_problematic_formats.CheckNoProblematicFormats.test_check_no_problematic_formats(): OK
bakery_lint.tests.downstream.test_check_nbsp_width_matches_sp_width.CheckNbspWidthMatchesSpWidth.test_check_nbsp_width_matches_sp_width(): FAIL
$ fontbakery-fix-nbsp.py /home/travis/build/fontdirectory/inconsolata/builds/build/Inconsolata.ttf
$ mv /home/travis/build/fontdirectory/inconsolata/builds/build/Inconsolata.ttf.fix /home/travis/build/fontdirectory/inconsolata/builds/build/Inconsolata.ttf
bakery_lint.tests.downstream.test_check_nbsp_width_matches_sp_width.CheckNbspWidthMatchesSpWidth.test_check_nbsp_width_matches_sp_width(): FAIL
bakery_lint.tests.downstream.test_check_names_same_across_platforms.CheckNamesSameAcrossPlatforms.test_check_names_same_across_platforms(): OK
bakery_lint.tests.downstream.test_check_name_table_recommendation.CheckStyleNameRecommendation.test_check_stylename_is_under_recommendations(): FAIL
$ fontbakery-fix-opentype-names.py /home/travis/build/fontdirectory/inconsolata/builds/build/Inconsolata.ttf
$ mv /home/travis/build/fontdirectory/inconsolata/builds/build/Inconsolata.ttf.fix /home/travis/build/fontdirectory/inconsolata/builds/build/Inconsolata.ttf
bakery_lint.tests.downstream.test_check_name_table_recommendation.CheckStyleNameRecommendation.test_check_stylename_is_under_recommendations(): FAIL
bakery_lint.tests.downstream.test_check_name_table_recommendation.CheckOTFamilyNameRecommendation.test_check_opentype_familyname(): OK
bakery_lint.tests.downstream.test_check_name_table_recommendation.CheckOTStyleNameRecommendation.test_check_opentype_stylename(): FAIL
$ fontbakery-fix-opentype-names.py /home/travis/build/fontdirectory/inconsolata/builds/build/Inconsolata.ttf
$ mv /home/travis/build/fontdirectory/inconsolata/builds/build/Inconsolata.ttf.fix /home/travis/build/fontdirectory/inconsolata/builds/build/Inconsolata.ttf
bakery_lint.tests.downstream.test_check_name_table_recommendation.CheckOTStyleNameRecommendation.test_check_opentype_stylename(): FAIL
bakery_lint.tests.downstream.test_check_name_table_recommendation.CheckOTFullNameRecommendation.test_check_opentype_fullname(): OK
bakery_lint.tests.downstream.test_check_magic_prep_code.CheckMagicPREPByteCode.test_prep_magic_code(): FAIL
bakery_lint.tests.downstream.test_check_license_included.CheckLicenseIncluded.test_license_included_in_font_names(): ERROR
bakery_lint.tests.downstream.test_check_italic_angle_agreement.CheckItalicAngleAgreement.test_check_italic_angle_agreement(): OK
bakery_lint.tests.downstream.test_check_hmtx_hhea_max_advance_width_agreement.CheckHmtxHheaMaxAdvanceWidthAgreement.test_check_hmtx_hhea_max_advance_width_agreement(): OK
bakery_lint.tests.downstream.test_check_glyph_existence.CheckGlyphExistence.test_euro(): OK
bakery_lint.tests.downstream.test_check_glyph_existence.CheckGlyphExistence.test_nbsp(): OK
bakery_lint.tests.downstream.test_check_glyph_existence.CheckGlyphExistence.test_space(): OK
bakery_lint.tests.downstream.test_check_glyf_table_length.CheckGlyfTableLength.test_check_glyf_table_length(): FAIL
bakery_lint.tests.downstream.test_check_full_font_name_begins_with_family_name.CheckFullFontNameBeginsWithFamilyName.test_check_full_font_name_begins_with_family_name(): OK
bakery_lint.tests.downstream.test_check_fontname_matches_macstyle.CheckFontNameEqualToMacStyleFlags.test_fontname_is_equal_to_macstyle(): FAIL
bakery_lint.tests.downstream.test_check_font_tables.CheckFontHasDsigTable.test_check_font_has_dsig_table(): OK
bakery_lint.tests.downstream.test_check_font_tables.CheckFontHasNotKernTable.test_no_kern_table_exists(): OK
bakery_lint.tests.downstream.test_check_font_agreements.CheckFsTypeIsNotSet.test_is_fstype_not_set(): FAIL
$ fontbakery-fix-fstype.py --autofix /home/travis/build/fontdirectory/inconsolata/builds/build/Inconsolata.ttf
$ mv /home/travis/build/fontdirectory/inconsolata/builds/build/Inconsolata.ttf.fix /home/travis/build/fontdirectory/inconsolata/builds/build/Inconsolata.ttf
bakery_lint.tests.downstream.test_check_font_agreements.CheckFsTypeIsNotSet.test_is_fstype_not_set(): OK
$ fontbakery-fix-fstype.py --autofix /home/travis/build/fontdirectory/inconsolata/builds/build/Inconsolata.ttf
$ mv /home/travis/build/fontdirectory/inconsolata/builds/build/Inconsolata.ttf.fix /home/travis/build/fontdirectory/inconsolata/builds/build/Inconsolata.ttf
bakery_lint.tests.downstream.test_check_font_agreements.CheckFontAgreements.test_em_is_1000(): OK
bakery_lint.tests.downstream.test_check_font_agreements.CheckFontAgreements.test_font_is_font(): OK
bakery_lint.tests.downstream.test_check_font_agreements.CheckFontAgreements.test_latin_file_exists(): FAIL
bakery_lint.tests.downstream.test_check_font_agreements.CheckFontAgreements.test_menu_file_exists(): FAIL
### Optimize TTF Inconsolata.ttf
$ ls -l 'Inconsolata.ttf'* # look at the size savings of that subset process
Inconsolata.ttf.opt: 21456 bytes
Inconsolata.ttf: 23796 bytes
$ mv /home/travis/build/fontdirectory/inconsolata/builds/build/Inconsolata.ttf.opt /home/travis/build/fontdirectory/inconsolata/builds/build/Inconsolata.ttf
### Autohint TTFs (ttfautohint) Inconsolata.ttf
$ ttfautohint -l 7 -r 28 -G 50 -x 13 -w "G" /home/travis/build/fontdirectory/inconsolata/builds/build/Inconsolata.ttf '/home/travis/build/fontdirectory/inconsolata/builds/build/Inconsolata.autohint.ttf'

$ ls -l /home/travis/build/fontdirectory/inconsolata/builds/build/Inconsolata.*ttf # look at the size savings of that subset process
/home/travis/build/fontdirectory/inconsolata/builds/build/Inconsolata.ttf: 21456 bytes
/home/travis/build/fontdirectory/inconsolata/builds/build/Inconsolata.autohint.ttf: 34472 bytes
$ mv /home/travis/build/fontdirectory/inconsolata/builds/build/Inconsolata.autohint.ttf /home/travis/build/fontdirectory/inconsolata/builds/build/Inconsolata.ttf
### Subset TTFs (pyftsubset) Inconsolata.ttf
$ pyftsubset Inconsolata.latin
$ pyftsubset Inconsolata.menu
strippedname:/home/travis/build/fontdirectory/inconsolata/builds/build/Inconsolata.ttf
spaceWidth is    600
nbspWidth is     600
Nothing to do
### (5 of 6) Generate METADATA.json (fontbakery-build-metadata.py)
$ fontbakery-build-metadata.py /home/travis/build/fontdirectory/inconsolata/builds/build
{} exists
Designer's name from font is: Raph Levien, Kirill Tkachev
Original size: 38424\nGzip size: 22336
Family Name: Inconsolata
PS Name: Inconsolata
Full Name: Inconsolata
Style: normal
Weight: 500
Filename: Inconsolata.ttf
Copyright: Created by Raph Levien using his own tools and FontForge. Copyright 2006 Raph Levien. Released under the SIL Open Font License, http://scripts.sil.org/OFL.
Family Name: Inconsolata
PS Name: Inconsolata-Regular
Full Name: Inconsolata
Style: normal
Weight: 400
Filename: Inconsolata-Regular.ttf
Copyright: Copyright (c) 2006-2012, Raph Levien (firstname.lastname@gmail.com), Copyright (c) 2011-2012, Cyreal (cyreal.org)
Family Name: Inconsolata
PS Name: Inconsolata-Bold
Full Name: Inconsolata Bold
Style: normal
Weight: 700
Filename: Inconsolata-Bold.ttf
Copyright: Created by Raph Levien using his own tools and FontForge. Copyright 2006 Raph Levien. Released under the Apache 2 license.
Family Name: Inconsolata
PS Name: Inconsolata
Full Name: Inconsolata
Style: normal
Weight: 500
Filename: Inconsolata-Medium.ttf
Copyright: Created by Raph Levien using his own tools and FontForge. Copyright 2006 Raph Levien. Released under the SIL Open Font License, http://scripts.sil.org/OFL.
### (6 of 6) Run tests for METADATA.json
$ fontbakery-check.py metadata METADATA.json
bakery_lint.tests.metadata_test.MetadataSubsetsListTest.test_charset_latin(): OK
bakery_lint.tests.metadata_test.MetadataSubsetsListTest.test_charset_latin_ext(): FAIL
bakery_lint.tests.metadata_test.MetadataSubsetsListTest.test_charset_menu(): OK
bakery_lint.tests.metadata_test.MetadataTest.test_description_is_more_than_500b(): OK
bakery_lint.tests.metadata_test.MetadataTest.test_description_is_valid_html(): FAIL
bakery_lint.tests.metadata_test.MetadataTest.test_does_not_familyName_exist_in_daltonmaag_catalogue(): FAIL
bakery_lint.tests.metadata_test.MetadataTest.test_does_not_familyName_exist_in_fontbureau_catalogue(): OK
bakery_lint.tests.metadata_test.MetadataTest.test_does_not_familyName_exist_in_fontscom_catalogue(): OK
bakery_lint.tests.metadata_test.MetadataTest.test_does_not_familyName_exist_in_fontshop_catalogue(): FAIL
bakery_lint.tests.metadata_test.MetadataTest.test_does_not_familyName_exist_in_fontsmith_catalogue(): FAIL
bakery_lint.tests.metadata_test.MetadataTest.test_does_not_familyName_exist_in_houseind_catalogue(): OK
bakery_lint.tests.metadata_test.MetadataTest.test_does_not_familyName_exist_in_myfonts_catalogue(): OK
bakery_lint.tests.metadata_test.MetadataTest.test_does_not_familyName_exist_in_veer_catalogue(): OK
bakery_lint.tests.metadata_test.MetadataTest.test_family_is_listed_in_gwf(): OK
bakery_lint.tests.metadata_test.MetadataTest.test_metadata_atleast_latin_menu_subsets_exist(): OK
/home/travis/virtualenv/python2.7.8/lib/python2.7/site-packages/bakery_lint/tests/metadata_test.py:141: UnicodeWarning: Unicode equal comparison failed to convert both arguments to Unicode - interpreting them as being unequal
  self.assertTrue(designer in designers,
bakery_lint.tests.metadata_test.MetadataTest.test_metadata_designer_exists_in_profiles_csv(): FAIL
bakery_lint.tests.metadata_test.MetadataTest.test_metadata_fonts_items_dicts(): OK
bakery_lint.tests.metadata_test.MetadataTest.test_metadata_fonts_key_list(): OK
bakery_lint.tests.metadata_test.MetadataTest.test_metadata_fonts_no_dupes(): OK
bakery_lint.tests.metadata_test.MetadataTest.test_metadata_has_unique_style_weight_pairs(): OK
bakery_lint.tests.metadata_test.MetadataTest.test_metadata_keys(): OK
bakery_lint.tests.metadata_test.MetadataTest.test_metadata_license(): OK
bakery_lint.tests.metadata_test.MetadataTest.test_metadata_no_unknown_top_keys(): OK
bakery_lint.tests.metadata_test.MetadataTest.test_metadata_subsets_key_list(): OK
bakery_lint.tests.metadata_test.MetadataTest.test_metadata_top_keys_types(): OK
bakery_lint.tests.downstream.test_metadata_font_copyright.CheckMetadataContainsReservedFontName.test_copyright_contains_correct_rfn(): FAIL
bakery_lint.tests.downstream.test_metadata_font_copyright.CheckMetadataContainsReservedFontName.test_copyright_is_consistent_across_family(): OK
bakery_lint.tests.downstream.test_metadata_font_copyright.CheckMetadataContainsReservedFontName.test_copyright_matches_pattern(): OK
bakery_lint.tests.downstream.test_metadata_font_copyright.CheckMetadataContainsReservedFontName.test_metadata_copyright_size(): OK
bakery_lint.tests.downstream.test_metadata_agreements.TestFontOnDiskFamilyEqualToMetadataJSON.test_font_on_disk_family_equal_in_metadata_json(): OK
bakery_lint.tests.downstream.test_metadata_agreements.TestPostScriptNameInMetadataEqualFontOnDisk.test_postscriptname_in_metadata_equal_to_font_on_disk(): FAIL
bakery_lint.tests.downstream.test_metadata_agreements.CheckMetadataAgreements.test_font_name_matches_family(): OK
bakery_lint.tests.downstream.test_metadata_agreements.CheckMetadataAgreements.test_metadata_family_values_are_all_the_same(): OK
bakery_lint.tests.downstream.test_metadata_agreements.CheckMetadataAgreements.test_metadata_filename_matches_postscriptname(): FAIL
bakery_lint.tests.downstream.test_metadata_agreements.CheckMetadataAgreements.test_metadata_font_have_regular(): OK
bakery_lint.tests.downstream.test_metadata_agreements.CheckMetadataAgreements.test_metadata_fonts_fields_have_fontname(): OK
bakery_lint.tests.downstream.test_metadata_agreements.CheckMetadataAgreements.test_metadata_fullname_is_equal_to_internal_font_fullname(): OK
bakery_lint.tests.downstream.test_metadata_agreements.CheckMetadataAgreements.test_metadata_fullname_matches_postScriptName(): OK
bakery_lint.tests.downstream.test_metadata_agreements.CheckMetadataAgreements.test_metadata_regular_is_400(): OK
bakery_lint.tests.downstream.test_metadata_agreements.CheckMetadataAgreements.test_metadata_regular_is_normal(): FAIL
bakery_lint.tests.downstream.test_check_text_files_exist.CheckTextFilesExist.test_copyrighttxt_exists(): FAIL
bakery_lint.tests.downstream.test_check_text_files_exist.CheckTextFilesExist.test_description_exists(): OK
bakery_lint.tests.downstream.test_check_text_files_exist.CheckTextFilesExist.test_fontlogtxt_exists(): OK
bakery_lint.tests.downstream.test_check_text_files_exist.CheckTextFilesExist.test_licensetxt_exists(): FAIL
bakery_lint.tests.downstream.test_check_subsets_exists.CheckSubsetsExist.test_check_subsets_exists(): FAIL
bakery_lint.tests.downstream.test_check_monospace_agreements.CheckMonospaceAgreement.test_check_monospace_agreement(): ERROR
bakery_lint.tests.downstream.test_check_metadata_style_matches_names.CheckItalicStyleMatchesMacStyle.test_check_italic_style_matches_names(): OK
bakery_lint.tests.downstream.test_check_metadata_style_matches_names.CheckNormalStyleMatchesMacStyle.test_check_normal_style_matches_names(): OK
bakery_lint.tests.downstream.test_check_metadata_matches_nametable.CheckMetadataMatchesNameTable.test_check_metadata_matches_nametable(): OK
bakery_lint.tests.downstream.test_check_metadata_fields.CheckMetadataFields.test_check_metadata_fields(): OK
bakery_lint.tests.downstream.test_check_menu_contains_proper_glyphs.CheckMenuSubsetContainsProperGlyphs.test_check_menu_contains_proper_glyphs(): FAIL
bakery_lint.tests.downstream.test_check_glyph_consistency.CheckGlyphConsistencyInFamily.test_the_same_encodings_of_glyphs_across_family(): OK
bakery_lint.tests.downstream.test_check_glyph_consistency.CheckGlyphConsistencyInFamily.test_the_same_names_of_glyphs_across_family(): FAIL
bakery_lint.tests.downstream.test_check_glyph_consistency.CheckGlyphConsistencyInFamily.test_the_same_number_of_glyphs_across_family(): FAIL
bakery_lint.tests.downstream.test_check_font_name_not_in_camelcase.CheckFontNameNotInCamelCase.test_fontname_not_in_camel_case(): OK
bakery_lint.tests.downstream.test_check_files_menu_agreements.CheckFontsMenuAgreements.test_menu_file_agreement(): OK
bakery_lint.tests.downstream.test_check_familyname_matches_fontnames.CheckFamilyNameMatchesFontNames.test_check_familyname_matches_fontnames(): OK
bakery_lint.tests.downstream.test_check_canonical_weights.CheckCanonicalWeights.test_check_canonical_weights(): OK
bakery_lint.tests.downstream.test_check_canonical_weights.CheckPostScriptNameMatchesWeight.test_postscriptname_contains_correct_weight(): FAIL
bakery_lint.tests.downstream.test_check_canonical_weights.CheckFontWeightSameAsInMetadata.test_font_weight_same_as_in_metadata(): OK
bakery_lint.tests.downstream.test_check_canonical_weights.CheckFullNameEqualCanonicalName.test_metadata_contains_current_font(): OK
bakery_lint.tests.downstream.test_check_canonical_styles.CheckCanonicalStyles.test_check_canonical_styles(): OK
bakery_lint.tests.downstream.test_check_canonical_filenames.CheckCanonicalFilenames.test_check_canonical_filenames(): OK
{
  "name": "Inconsolata", 
  "designer": "Raph Levien", 
  "license": "OFL", 
  "visibility": "External", 
  "category": "Monospace", 
  "size": 56042, 
  "fonts": [
    {
      "name": "Inconsolata", 
      "postScriptName": "Inconsolata", 
      "fullName": "Inconsolata", 
      "style": "normal", 
      "weight": 500, 
      "filename": "Inconsolata.ttf", 
      "copyright": "Created by Raph Levien using his own tools and FontForge. Copyright 2006 Raph Levien. Released under the SIL Open Font License, http://scripts.sil.org/OFL."
    }, 
    {
      "name": "Inconsolata", 
      "postScriptName": "Inconsolata-Regular", 
      "fullName": "Inconsolata", 
      "style": "normal", 
      "weight": 400, 
      "filename": "Inconsolata-Regular.ttf", 
      "copyright": "Copyright (c) 2006-2012, Raph Levien (firstname.lastname@gmail.com), Copyright (c) 2011-2012, Cyreal (cyreal.org)"
    }, 
    {
      "name": "Inconsolata", 
      "postScriptName": "Inconsolata-Bold", 
      "fullName": "Inconsolata Bold", 
      "style": "normal", 
      "weight": 700, 
      "filename": "Inconsolata-Bold.ttf", 
      "copyright": "Created by Raph Levien using his own tools and FontForge. Copyright 2006 Raph Levien. Released under the Apache 2 license."
    }, 
    {
      "name": "Inconsolata", 
      "postScriptName": "Inconsolata", 
      "fullName": "Inconsolata", 
      "style": "normal", 
      "weight": 500, 
      "filename": "Inconsolata-Medium.ttf", 
      "copyright": "Created by Raph Levien using his own tools and FontForge. Copyright 2006 Raph Levien. Released under the SIL Open Font License, http://scripts.sil.org/OFL."
    }
  ], 
  "subsets": [
    "latin", 
    "menu"
  ], 
  "dateAdded": "2010-02-19"
}
